// Jest Snapshot v1, https://goo.gl/fbAQLP

exports[`<RadioButton /> matches snapshot 1`] = `
<div
  className="radioButton"
>
  <input
    name="calculationType"
    onChange={[Function]}
    someOtherProp={[Function]}
    type="radio"
    value="mockValue"
  />
  <div
    className="text"
  >
    lkajsdflkjasfd
  </div>
</div>
`;
